// Jest Snapshot v1, https://goo.gl/fbAQLP

exports[`Component should show 'Name' text 1`] = `
<ion-text>
  Name
</ion-text>
`;
